// Jest Snapshot v1, https://goo.gl/fbAQLP

exports[`Test suits for ChatMessageContainer that must works 1`] = `
.c0 {
  display: -webkit-box;
  display: -webkit-flex;
  display: -ms-flexbox;
  display: flex;
  -webkit-box-pack: start;
  -webkit-justify-content: flex-start;
  -ms-flex-pack: start;
  justify-content: flex-start;
}

<div
  className="c0"
/>
`;
