// Jest Snapshot v1, https://goo.gl/fbAQLP

exports[`Test suits for ChatLog should works 1`] = `
.c0 {
  display: -webkit-box;
  display: -webkit-flex;
  display: -ms-flexbox;
  display: flex;
  -webkit-flex-direction: column;
  -ms-flex-direction: column;
  flex-direction: column;
}

<section
  className="c0"
/>
`;
